
> famous-gate-hotel-backend@1.0.0 start
> node dist/server.js

2025-12-11T16:29:10.093Z [[32MINFO[39M]: Supabase Connected
2025-12-11T16:29:10.097Z [[34MDEBUG[39M]: Connection test result:
2025-12-11T16:29:10.097Z [[32MINFO[39M]: Database connection established
2025-12-11T16:29:10.107Z [[32MINFO[39M]: Starting server initialization...
2025-12-11T16:29:10.108Z [[34MDEBUG[39M]: Environment:
2025-12-11T16:29:10.108Z [[32MINFO[39M]: App initialized successfully
2025-12-11T16:29:10.111Z [[32MINFO[39M]: Server running on port 5000 in development mode
2025-12-11T16:29:10.112Z [[32MINFO[39M]: Health check available at http://localhost:5000/api/health
2025-12-11T16:29:10.112Z [[32MINFO[39M]: Initializing startup services...
2025-12-11T16:29:10.113Z [[32MINFO[39M]: All scheduled jobs stopped
2025-12-11T16:29:10.120Z [[32MINFO[39M]: All scheduled jobs started
2025-12-11T16:29:10.121Z [[32MINFO[39M]: Scheduler service started successfully
2025-12-11T16:29:10.121Z [[32MINFO[39M]: Active scheduled jobs: daily-reports, budget-variance-check, performance-metrics-check, weekly-reports, compliance-check, low-stock-check
2025-12-11T16:29:10.121Z [[32MINFO[39M]: All startup services initialized
]: Database connection established
2025-12-11T16:29:12.427Z [[32MINFO[39M]: GET /api/notifications/unread-count [::1]
2025-12-11T16:29:12.635Z [[33MWARN[39M]: Supabase auth failed in development, falling back to dev super_admin user invalid JWT: unable to parse or verify signature, token is malformed: token contains an invalid number of segments
AuthApiError: invalid JWT: unable to parse or verify signature, token is malformed: token contains an invalid number of segments
    at handleError (/home/john/fggrill/backend/node_modules/@supabase/auth-js/dist/main/lib/fetch.js:66:11)
    at process.processTicksAndRejections (node:internal/process/task_queues:105:5)
    at async _handleRequest (/home/john/fggrill/backend/node_modules/@supabase/auth-js/dist/main/lib/fetch.js:109:9)
    at async _request (/home/john/fggrill/backend/node_modules/@supabase/auth-js/dist/main/lib/fetch.js:91:18)
    at async SupabaseAuthClient._getUser (/home/john/fggrill/backend/node_modules/@supabase/auth-js/dist/main/GoTrueClient.js:1248:24)
    at async SupabaseAuthClient.getUser (/home/john/fggrill/backend/node_modules/@supabase/auth-js/dist/main/GoTrueClient.js:1237:20)
    at async protect (/home/john/fggrill/backend/dist/middleware/auth.js:35:72)
2025-12-11T16:29:12.894Z [[31MERROR[39M]: Error fetching user for count: invalid input syntax for type uuid: "dev-user"
[0mGET /api/notifications/unread-count [36m304[0m 472.176 ms - -[0m
2025-12-11T16:29:37.077Z [[32MINFO[39M]: GET /api/health [::ffff:127.0.0.1]
[0mGET /api/health [32m200[0m 1.719 ms - 104[0m
2025-12-11T16:29:42.415Z [[32MINFO[39M]: GET /api/notifications/unread-count [::1]
2025-12-11T16:29:42.662Z [[33MWARN[39M]: Supabase auth failed in development, falling back to dev super_admin user invalid JWT: unable to parse or verify signature, token is malformed: token contains an invalid number of segments
AuthApiError: invalid JWT: unable to parse or verify signature, token is malformed: token contains an invalid number of segments
    at handleError (/home/john/fggrill/backend/node_modules/@supabase/auth-js/dist/main/lib/fetch.js:66:11)
    at process.processTicksAndRejections (node:internal/process/task_queues:105:5)
    at async _handleRequest (/home/john/fggrill/backend/node_modules/@supabase/auth-js/dist/main/lib/fetch.js:109:9)
    at async _request (/home/john/fggrill/backend/node_modules/@supabase/auth-js/dist/main/lib/fetch.js:91:18)
    at async SupabaseAuthClient._getUser (/home/john/fggrill/backend/node_modules/@supabase/auth-js/dist/main/GoTrueClient.js:1248:24)
    at async SupabaseAuthClient.getUser (/home/john/fggrill/backend/node_modules/@supabase/auth-js/dist/main/GoTrueClient.js:1237:20)
    at async protect (/home/john/fggrill/backend/dist/middleware/auth.js:35:72)
2025-12-11T16:29:42.900Z [[31MERROR[39M]: Error fetching user for count: invalid input syntax for type uuid: "dev-user"
[0mGET /api/notifications/unread-count [36m304[0m 486.095 ms - -[0m
2025-12-11T16:29:53.401Z [[32MINFO[39M]: POST /api/bookings [::ffff:127.0.0.1]
Saving booking payload...
2025-12-11T16:29:54.634Z [[31MERROR[39M]: Error: Could not find the 'branch_id' column of 'reservations' in the schema cache
[0mPOST /api/bookings [31m500[0m 1234.769 ms - 105[0m
2025-12-11T16:30:12.414Z [[32MINFO[39M]: GET /api/notifications/unread-count [::1]
2025-12-11T16:30:12.905Z [[33MWARN[39M]: Supabase auth failed in development, falling back to dev super_admin user invalid JWT: unable to parse or verify signature, token is malformed: token contains an invalid number of segments
AuthApiError: invalid JWT: unable to parse or verify signature, token is malformed: token contains an invalid number of segments
    at handleError (/home/john/fggrill/backend/node_modules/@supabase/auth-js/dist/main/lib/fetch.js:66:11)
    at process.processTicksAndRejections (node:internal/process/task_queues:105:5)
    at async _handleRequest (/home/john/fggrill/backend/node_modules/@supabase/auth-js/dist/main/lib/fetch.js:109:9)
    at async _request (/home/john/fggrill/backend/node_modules/@supabase/auth-js/dist/main/lib/fetch.js:91:18)
    at async SupabaseAuthClient._getUser (/home/john/fggrill/backend/node_modules/@supabase/auth-js/dist/main/GoTrueClient.js:1248:24)
    at async SupabaseAuthClient.getUser (/home/john/fggrill/backend/node_modules/@supabase/auth-js/dist/main/GoTrueClient.js:1237:20)
    at async protect (/home/john/fggrill/backend/dist/middleware/auth.js:35:72)
2025-12-11T16:30:13.208Z [[31MERROR[39M]: Error fetching user for count: invalid input syntax for type uuid: "dev-user"
[0mGET /api/notifications/unread-count [36m304[0m 794.060 ms - -[0m
Killed
