
> frontend@0.1.0 dev
> next dev -p 3001

   ▲ Next.js 14.0.3
   - Local:        http://localhost:3001
   - Environments: .env.local

 ✓ Ready in 3.5s
 ✓ Compiled /src/middleware in 158ms (56 modules)
 ○ Compiling / ...

warn - The class `duration-[1.2s]` is ambiguous and matches multiple utilities.
warn - If this is content and not a class, replace it with `duration-&lsqb;1.2s&rsqb;` to silence this warning.

warn - The class `duration-[1s]` is ambiguous and matches multiple utilities.
warn - If this is content and not a class, replace it with `duration-&lsqb;1s&rsqb;` to silence this warning.
 ✓ Compiled / in 6.8s (1286 modules)
 ✓ Compiled in 892ms (644 modules)
 ○ Compiling /login ...
 ✓ Compiled /login in 751ms (1275 modules)
   Reload env: .env.local
 ⚠ Fast Refresh had to perform a full reload. Read more: https://nextjs.org/docs/messages/fast-refresh-reload
 ✓ Compiled in 5.1s (1358 modules)
 ○ Compiling /booking ...
 ✓ Compiled /booking in 905ms (1299 modules)
 ✓ Compiled in 1801ms (1313 modules)
 ○ Compiling /dashboard/restaurant ...
 ✓ Compiled /dashboard/restaurant in 1554ms (1451 modules)
 ○ Compiling /dashboard/restaurant/inventory ...
 ✓ Compiled /dashboard/restaurant/inventory in 680ms (1589 modules)
 ○ Compiling /dashboard/restaurant/kitchen ...
 ✓ Compiled /dashboard/restaurant/kitchen in 1243ms (1532 modules)
 ○ Compiling /dashboard/restaurant/pos ...
 ✓ Compiled /dashboard/restaurant/pos in 888ms (1545 modules)
 ✓ Compiled /dashboard/restaurant/inventory in 141ms (812 modules)
 ○ Compiling /dashboard/admin ...
 ✓ Compiled /dashboard/admin in 1113ms (1569 modules)
 ○ Compiling /dashboard/central-operations ...
 ✓ Compiled /dashboard/central-operations in 1392ms (1593 modules)
 ✓ Compiled /dashboard/restaurant in 246ms (769 modules)
 ✓ Compiled /dashboard/restaurant/pos in 331ms (769 modules)
 ○ Compiling /dashboard/restaurant/orders ...
 ✓ Compiled /dashboard/restaurant/orders in 928ms (1593 modules)
 ○ Compiling /not-found ...
 ✓ Compiled /not-found in 618ms (1577 modules)
 ✓ Compiled in 4.9s (1591 modules)
