2025-12-11 17:53:56,587 - root - WARNING - python-escpos not installed. Install with: pip install python-escpos
Traceback (most recent call last):
  File "app.py", line 22, in <module>
    from finance.routes import finance_bp
  File "/home/john/fggrill/python-services/finance/__init__.py", line 2, in <module>
    from .routes import finance_bp
  File "/home/john/fggrill/python-services/finance/routes.py", line 11, in <module>
    finance_service = FinanceService()
  File "/home/john/fggrill/python-services/finance/service.py", line 18, in __init__
    self.supabase: Client = create_client(
  File "/home/john/fggrill/python-services/.venv/lib/python3.8/site-packages/supabase/_sync/client.py", line 313, in create_client
    return SyncClient.create(
  File "/home/john/fggrill/python-services/.venv/lib/python3.8/site-packages/supabase/_sync/client.py", line 102, in create
    client = cls(supabase_url, supabase_key, options)
  File "/home/john/fggrill/python-services/.venv/lib/python3.8/site-packages/supabase/_sync/client.py", line 80, in __init__
    self.auth = self._init_supabase_auth_client(
  File "/home/john/fggrill/python-services/.venv/lib/python3.8/site-packages/supabase/_sync/client.py", line 226, in _init_supabase_auth_client
    return SyncSupabaseAuthClient(
  File "/home/john/fggrill/python-services/.venv/lib/python3.8/site-packages/supabase/_sync/auth_client.py", line 31, in __init__
    SyncGoTrueClient.__init__(
  File "/home/john/fggrill/python-services/.venv/lib/python3.8/site-packages/gotrue/_sync/gotrue_client.py", line 101, in __init__
    SyncGoTrueBaseAPI.__init__(
  File "/home/john/fggrill/python-services/.venv/lib/python3.8/site-packages/gotrue/_sync/gotrue_base_api.py", line 28, in __init__
    self._http_client = http_client or SyncClient(
TypeError: __init__() got an unexpected keyword argument 'proxy'
