cargo :    Compiling 
serde v1.0.228
At line:1 char:1
+ cargo check 2>&1 | 
tee output.log
+ ~~~~~~~~~~~~~~~~
    + CategoryInfo     
         : NotSpecifi  
  ed: (   Compiling    
 serde v1.0.228:Str    
ing) [], RemoteExc    
eption
    + FullyQualifiedEr 
   rorId : NativeComm  
  andError
 
   Compiling 
icu_locale_core v2.1.1
   Compiling 
icu_collections v2.1.1
   Compiling 
phf_macros v0.11.3
   Compiling bytes 
v1.11.1
    Checking smallvec 
v1.15.1
   Compiling 
darling_macro v0.23.0
   Compiling 
erased-serde v0.4.10
   Compiling syn 
v1.0.109
   Compiling rand_pcg 
v0.2.1
   Compiling 
rand_chacha v0.2.2
   Compiling 
phf_shared v0.8.0
   Compiling 
proc-macro-hack 
v0.5.20+deprecated
   Compiling 
equivalent v1.0.2
   Compiling hashbrown 
v0.16.1
   Compiling darling 
v0.23.0
   Compiling rand 
v0.7.3
   Compiling 
phf_shared v0.10.0
   Compiling 
icu_provider v2.1.1
   Compiling indexmap 
v2.13.0
   Compiling thiserror 
v1.0.69
   Compiling 
new_debug_unreachable 
v1.0.6
   Compiling anyhow 
v1.0.102
   Compiling 
phf_generator v0.10.0
   Compiling 
serde_with_macros 
v3.18.0
   Compiling 
icu_properties v2.1.2
   Compiling 
icu_normalizer v2.1.1
   Compiling 
phf_generator v0.8.0
   Compiling 
phf_codegen v0.11.3
   Compiling 
string_cache_codegen 
v0.5.4
   Compiling mac v0.1.1
   Compiling 
precomputed-hash v0.1.1
   Compiling winnow 
v1.0.0
   Compiling futf 
v0.1.5
   Compiling 
phf_codegen v0.8.0
   Compiling 
toml_datetime 
v0.7.5+spec-1.1.0
   Compiling 
serde_spanned v1.1.0
   Compiling semver 
v1.0.27
   Compiling utf-8 
v0.7.6
   Compiling winnow 
v0.7.15
   Compiling 
idna_adapter v1.2.1
   Compiling 
toml_parser 
v1.1.0+spec-1.1.0
   Compiling bitflags 
v1.3.2
   Compiling 
markup5ever v0.14.1
   Compiling idna 
v1.1.0
   Compiling 
toml_writer 
v1.1.0+spec-1.1.0
   Compiling dtoa 
v1.0.11
   Compiling tendril 
v0.4.3
   Compiling 
dtoa-short v0.3.5
   Compiling selectors 
v0.24.0
   Compiling url v2.5.8
   Compiling 
string_cache v0.8.9
   Compiling phf 
v0.11.3
   Compiling indexmap 
v1.9.3
   Compiling 
aho-corasick v1.1.4
   Compiling 
cssparser-macros v0.6.1
   Compiling ctor 
v0.2.9
   Compiling 
alloc-no-stdlib v2.0.4
   Compiling toml 
v0.9.12+spec-1.1.0
   Compiling 
convert_case v0.4.0
   Compiling 
unic-char-range v0.9.0
   Compiling matches 
v0.1.10
   Compiling 
unic-common v0.9.0
   Compiling camino 
v1.2.2
   Compiling nodrop 
v0.1.14
   Compiling 
regex-syntax v0.8.10
   Compiling 
unic-ucd-version v0.9.0
   Compiling servo_arc 
v0.2.0
   Compiling 
derive_more v0.99.20
   Compiling 
unic-char-property 
v0.9.0
   Compiling 
alloc-stdlib v0.2.2
   Compiling cssparser 
v0.29.6
   Compiling 
phf_macros v0.10.0
   Compiling phf v0.8.0
   Compiling typeid 
v1.0.3
   Compiling fxhash 
v0.2.1
   Compiling 
winapi-util v0.1.11
   Compiling 
serde_derive_internals 
v0.29.1
   Compiling 
match_token v0.1.0
   Compiling schemars 
v0.8.22
error: failed to 
remove C:\Users\user\De
sktop\fggrill\famous-ga
tes-desktop\apps\deskto
p\src-tauri\target\debu
g\deps\phf_macros-e76c3
9eb93002c0b.phf_macros.
484eed153ddc024f-cgu.06
.rcgu.o: The process 
cannot access the file 
because it is being 
used by another 
process. (os error 32)

error: could not 
compile `phf_macros` 
(lib) due to 1 
previous error
warning: build failed, 
waiting for other jobs 
to finish...
error: failed to 
remove C:\Users\user\De
sktop\fggrill\famous-ga
tes-desktop\apps\deskto
p\src-tauri\target\debu
g\deps\match_token-5e8f
9e94fd7d409c.match_toke
n.b45674b65ab1e58c-cgu.
2.rcgu.o: The process 
cannot access the file 
because it is being 
used by another 
process. (os error 32)

error: could not 
compile `match_token` 
(lib) due to 1 
previous error
