2026-01-01T18:00:08.817Z [ERROR]: unhandledRejection: PostgreSQL is not available
Error: PostgreSQL is not available
    at Object.connect (/home/john/fggrill/backend/src/config/pg.ts:17:11)
    at seedCentralOps (/home/john/fggrill/backend/scripts/seed_central_ops.ts:6:31)
    at Object.<anonymous> (/home/john/fggrill/backend/scripts/seed_central_ops.ts:210:1)
    at Module._compile (node:internal/modules/cjs/loader:1554:14)
    at Module.m._compile (/home/john/.npm/_npx/1bf7c3c15bf47d04/node_modules/ts-node/src/index.ts:1618:23)
    at node:internal/modules/cjs/loader:1706:10
    at Object.require.extensions.<computed> [as .ts] (/home/john/.npm/_npx/1bf7c3c15bf47d04/node_modules/ts-node/src/index.ts:1621:12)
    at Module.load (node:internal/modules/cjs/loader:1289:32)
    at Function._load (node:internal/modules/cjs/loader:1108:12)
    at TracingChannel.traceSync (node:diagnostics_channel:322:14)
Error: PostgreSQL is not available
    at Object.connect (/home/john/fggrill/backend/src/config/pg.ts:17:11)
    at seedCentralOps (/home/john/fggrill/backend/scripts/seed_central_ops.ts:6:31)
    at Object.<anonymous> (/home/john/fggrill/backend/scripts/seed_central_ops.ts:210:1)
    at Module._compile (node:internal/modules/cjs/loader:1554:14)
    at Module.m._compile (/home/john/.npm/_npx/1bf7c3c15bf47d04/node_modules/ts-node/src/index.ts:1618:23)
    at node:internal/modules/cjs/loader:1706:10
    at Object.require.extensions.<computed> [as .ts] (/home/john/.npm/_npx/1bf7c3c15bf47d04/node_modules/ts-node/src/index.ts:1621:12)
    at Module.load (node:internal/modules/cjs/loader:1289:32)
    at Function._load (node:internal/modules/cjs/loader:1108:12)
    at TracingChannel.traceSync (node:diagnostics_channel:322:14)
2026-01-01T18:01:30.800Z [ERROR]: unhandledRejection: PostgreSQL is not available
Error: PostgreSQL is not available
    at Object.connect (/home/john/fggrill/backend/src/config/pg.ts:17:11)
    at seedCentralOps (/home/john/fggrill/backend/scripts/seed_central_ops.ts:12:31)
    at Object.<anonymous> (/home/john/fggrill/backend/scripts/seed_central_ops.ts:216:1)
    at Module._compile (node:internal/modules/cjs/loader:1554:14)
    at Module.m._compile (/home/john/.npm/_npx/1bf7c3c15bf47d04/node_modules/ts-node/src/index.ts:1618:23)
    at node:internal/modules/cjs/loader:1706:10
    at Object.require.extensions.<computed> [as .ts] (/home/john/.npm/_npx/1bf7c3c15bf47d04/node_modules/ts-node/src/index.ts:1621:12)
    at Module.load (node:internal/modules/cjs/loader:1289:32)
    at Function._load (node:internal/modules/cjs/loader:1108:12)
    at TracingChannel.traceSync (node:diagnostics_channel:322:14)
Error: PostgreSQL is not available
    at Object.connect (/home/john/fggrill/backend/src/config/pg.ts:17:11)
    at seedCentralOps (/home/john/fggrill/backend/scripts/seed_central_ops.ts:12:31)
    at Object.<anonymous> (/home/john/fggrill/backend/scripts/seed_central_ops.ts:216:1)
    at Module._compile (node:internal/modules/cjs/loader:1554:14)
    at Module.m._compile (/home/john/.npm/_npx/1bf7c3c15bf47d04/node_modules/ts-node/src/index.ts:1618:23)
    at node:internal/modules/cjs/loader:1706:10
    at Object.require.extensions.<computed> [as .ts] (/home/john/.npm/_npx/1bf7c3c15bf47d04/node_modules/ts-node/src/index.ts:1621:12)
    at Module.load (node:internal/modules/cjs/loader:1289:32)
    at Function._load (node:internal/modules/cjs/loader:1108:12)
    at TracingChannel.traceSync (node:diagnostics_channel:322:14)
2026-01-01T18:02:44.345Z [ERROR]: unhandledRejection: PostgreSQL is not available
Error: PostgreSQL is not available
    at Object.connect (/home/john/fggrill/backend/src/config/pg.ts:17:11)
    at seedCentralOps (/home/john/fggrill/backend/scripts/seed_central_ops.ts:13:31)
    at Object.<anonymous> (/home/john/fggrill/backend/scripts/seed_central_ops.ts:217:1)
    at Module._compile (node:internal/modules/cjs/loader:1554:14)
    at Module.m._compile (/home/john/.npm/_npx/1bf7c3c15bf47d04/node_modules/ts-node/src/index.ts:1618:23)
    at node:internal/modules/cjs/loader:1706:10
    at Object.require.extensions.<computed> [as .ts] (/home/john/.npm/_npx/1bf7c3c15bf47d04/node_modules/ts-node/src/index.ts:1621:12)
    at Module.load (node:internal/modules/cjs/loader:1289:32)
    at Function._load (node:internal/modules/cjs/loader:1108:12)
    at TracingChannel.traceSync (node:diagnostics_channel:322:14)
Error: PostgreSQL is not available
    at Object.connect (/home/john/fggrill/backend/src/config/pg.ts:17:11)
    at seedCentralOps (/home/john/fggrill/backend/scripts/seed_central_ops.ts:13:31)
    at Object.<anonymous> (/home/john/fggrill/backend/scripts/seed_central_ops.ts:217:1)
    at Module._compile (node:internal/modules/cjs/loader:1554:14)
    at Module.m._compile (/home/john/.npm/_npx/1bf7c3c15bf47d04/node_modules/ts-node/src/index.ts:1618:23)
    at node:internal/modules/cjs/loader:1706:10
    at Object.require.extensions.<computed> [as .ts] (/home/john/.npm/_npx/1bf7c3c15bf47d04/node_modules/ts-node/src/index.ts:1621:12)
    at Module.load (node:internal/modules/cjs/loader:1289:32)
    at Function._load (node:internal/modules/cjs/loader:1108:12)
    at TracingChannel.traceSync (node:diagnostics_channel:322:14)
2026-05-30T11:59:54.120Z [ERROR]: CRITICAL: Missing required Supabase env vars in database config.
2026-07-28T21:26:02.467Z [ERROR]: CRITICAL: Missing required Supabase env vars in database config.
