[2025-12-03T16:28:11.055Z] ====== Starting Migration to Multi-Branch Architecture ======
[2025-12-03T16:28:11.056Z] Date: 2025-12-03T16:28:11.056Z
[2025-12-03T16:28:11.056Z] 
====== Step 1: Run Schema Enhancements ======
[2025-12-03T16:28:11.056Z] Description: Apply SQL migrations for multi-branch architecture
[2025-12-03T16:40:52.525Z] Starting step 1...
[2025-12-03T16:40:52.526Z] Running SQL schema enhancement migration...
[2025-12-03T16:40:52.840Z] Step 1 succeeded
[2025-12-03T16:40:52.840Z] 
====== Step 2: Add Branch ID to Tables ======
[2025-12-03T16:40:52.841Z] Description: Add branch_id column to all relevant tables and set up foreign key constraints
[2025-12-03T16:40:56.494Z] Starting step 2...
[2025-12-03T16:40:56.865Z] Step 2 failed
[2025-12-03T16:41:02.242Z] 
====== Step 3: Migrate User Roles ======
[2025-12-03T16:41:02.242Z] Description: Update users to the new consolidated roles and set up branch access permissions
[2025-12-03T16:41:04.779Z] Starting step 3...
[2025-12-03T16:41:04.875Z] Step 3 failed
[2025-12-03T16:41:07.370Z] 
====== Step 4: Update Frontend Configuration ======
[2025-12-03T16:41:07.370Z] Description: Update frontend environment variables for multi-branch support
[2025-12-03T16:41:11.667Z] Starting step 4...
[2025-12-03T16:41:11.668Z] Updating frontend environment variables...
[2025-12-03T16:41:11.672Z] Frontend environment updated successfully.
[2025-12-03T16:41:11.672Z] Step 4 succeeded
[2025-12-03T16:41:11.673Z] 
====== Migration Summary ======
[2025-12-03T16:41:11.673Z] Step 1: Run Schema Enhancements - SUCCESS
[2025-12-03T16:41:11.673Z] Step 2: Add Branch ID to Tables - FAILED
[2025-12-03T16:41:11.673Z] Step 3: Migrate User Roles - FAILED
[2025-12-03T16:41:11.673Z] Step 4: Update Frontend Configuration - SUCCESS
[2025-12-03T16:41:11.673Z] 
Overall migration COMPLETED WITH ERRORS
[2025-12-03T16:41:11.673Z] Check the log file for details: /home/john/fggrill/logs/master_migration_2025-12-03T16-28-11-050Z.log
[2025-12-03T16:41:11.673Z] Migration process completed with errors. Check logs for details.
